Archive member included to satisfy reference by file (symbol)

e:/st/stm32cubeide_1.6.0/stm32cubeide/plugins/com.st.stm32cube.ide.mcu.externaltools.gnu-tools-for-stm32.9-2020-q2-update.win32_1.5.0.202011040924/tools/bin/../lib/gcc/arm-none-eabi/9.3.1/../../../../arm-none-eabi/lib/thumb/v7e-m+fp/hard\libc_nano.a(lib_a-errno.o)
                              Src/syscalls.o (__errno)
e:/st/stm32cubeide_1.6.0/stm32cubeide/plugins/com.st.stm32cube.ide.mcu.externaltools.gnu-tools-for-stm32.9-2020-q2-update.win32_1.5.0.202011040924/tools/bin/../lib/gcc/arm-none-eabi/9.3.1/../../../../arm-none-eabi/lib/thumb/v7e-m+fp/hard\libc_nano.a(lib_a-exit.o)
                              e:/st/stm32cubeide_1.6.0/stm32cubeide/plugins/com.st.stm32cube.ide.mcu.externaltools.gnu-tools-for-stm32.9-2020-q2-update.win32_1.5.0.202011040924/tools/bin/../lib/gcc/arm-none-eabi/9.3.1/../../../../arm-none-eabi/lib/thumb/v7e-m+fp/hard/crt0.o (exit)
e:/st/stm32cubeide_1.6.0/stm32cubeide/plugins/com.st.stm32cube.ide.mcu.externaltools.gnu-tools-for-stm32.9-2020-q2-update.win32_1.5.0.202011040924/tools/bin/../lib/gcc/arm-none-eabi/9.3.1/../../../../arm-none-eabi/lib/thumb/v7e-m+fp/hard\libc_nano.a(lib_a-impure.o)
                              e:/st/stm32cubeide_1.6.0/stm32cubeide/plugins/com.st.stm32cube.ide.mcu.externaltools.gnu-tools-for-stm32.9-2020-q2-update.win32_1.5.0.202011040924/tools/bin/../lib/gcc/arm-none-eabi/9.3.1/../../../../arm-none-eabi/lib/thumb/v7e-m+fp/hard\libc_nano.a(lib_a-exit.o) (_global_impure_ptr)
e:/st/stm32cubeide_1.6.0/stm32cubeide/plugins/com.st.stm32cube.ide.mcu.externaltools.gnu-tools-for-stm32.9-2020-q2-update.win32_1.5.0.202011040924/tools/bin/../lib/gcc/arm-none-eabi/9.3.1/../../../../arm-none-eabi/lib/thumb/v7e-m+fp/hard\libc_nano.a(lib_a-init.o)
                              e:/st/stm32cubeide_1.6.0/stm32cubeide/plugins/com.st.stm32cube.ide.mcu.externaltools.gnu-tools-for-stm32.9-2020-q2-update.win32_1.5.0.202011040924/tools/bin/../lib/gcc/arm-none-eabi/9.3.1/../../../../arm-none-eabi/lib/thumb/v7e-m+fp/hard/crt0.o (__libc_init_array)
e:/st/stm32cubeide_1.6.0/stm32cubeide/plugins/com.st.stm32cube.ide.mcu.externaltools.gnu-tools-for-stm32.9-2020-q2-update.win32_1.5.0.202011040924/tools/bin/../lib/gcc/arm-none-eabi/9.3.1/../../../../arm-none-eabi/lib/thumb/v7e-m+fp/hard\libc_nano.a(lib_a-memset.o)
                              e:/st/stm32cubeide_1.6.0/stm32cubeide/plugins/com.st.stm32cube.ide.mcu.externaltools.gnu-tools-for-stm32.9-2020-q2-update.win32_1.5.0.202011040924/tools/bin/../lib/gcc/arm-none-eabi/9.3.1/../../../../arm-none-eabi/lib/thumb/v7e-m+fp/hard/crt0.o (memset)

Allocating common symbols
Common symbol       size              file

ParReadyFlag        0x1               Src/parallel.o
SerialSetBitFlag    0x1               Src/serial.o
DeviceMode          0x1               Src/main.o
dataTx_buf          0x102             Src/main.o
SerialStartReceiveFlag
                    0x1               Src/serial.o
SerialReceiveBitFlag
                    0x1               Src/serial.o
ParEnableFlag       0x1               Src/parallel.o
TIM_indx            0x1               Src/tim.o
ParTranferFlag      0x1               Src/parallel.o
dataRx_buf          0x102             Src/main.o

Discarded input sections

 .text          0x0000000000000000        0x0 e:/st/stm32cubeide_1.6.0/stm32cubeide/plugins/com.st.stm32cube.ide.mcu.externaltools.gnu-tools-for-stm32.9-2020-q2-update.win32_1.5.0.202011040924/tools/bin/../lib/gcc/arm-none-eabi/9.3.1/thumb/v7e-m+fp/hard/crti.o
 .data          0x0000000000000000        0x0 e:/st/stm32cubeide_1.6.0/stm32cubeide/plugins/com.st.stm32cube.ide.mcu.externaltools.gnu-tools-for-stm32.9-2020-q2-update.win32_1.5.0.202011040924/tools/bin/../lib/gcc/arm-none-eabi/9.3.1/thumb/v7e-m+fp/hard/crti.o
 .bss           0x0000000000000000        0x0 e:/st/stm32cubeide_1.6.0/stm32cubeide/plugins/com.st.stm32cube.ide.mcu.externaltools.gnu-tools-for-stm32.9-2020-q2-update.win32_1.5.0.202011040924/tools/bin/../lib/gcc/arm-none-eabi/9.3.1/thumb/v7e-m+fp/hard/crti.o
 .data          0x0000000000000000        0x4 e:/st/stm32cubeide_1.6.0/stm32cubeide/plugins/com.st.stm32cube.ide.mcu.externaltools.gnu-tools-for-stm32.9-2020-q2-update.win32_1.5.0.202011040924/tools/bin/../lib/gcc/arm-none-eabi/9.3.1/thumb/v7e-m+fp/hard/crtbegin.o
 .text          0x0000000000000000       0x7c e:/st/stm32cubeide_1.6.0/stm32cubeide/plugins/com.st.stm32cube.ide.mcu.externaltools.gnu-tools-for-stm32.9-2020-q2-update.win32_1.5.0.202011040924/tools/bin/../lib/gcc/arm-none-eabi/9.3.1/../../../../arm-none-eabi/lib/thumb/v7e-m+fp/hard/crt0.o
 .data          0x0000000000000000        0x0 e:/st/stm32cubeide_1.6.0/stm32cubeide/plugins/com.st.stm32cube.ide.mcu.externaltools.gnu-tools-for-stm32.9-2020-q2-update.win32_1.5.0.202011040924/tools/bin/../lib/gcc/arm-none-eabi/9.3.1/../../../../arm-none-eabi/lib/thumb/v7e-m+fp/hard/crt0.o
 .bss           0x0000000000000000        0x0 e:/st/stm32cubeide_1.6.0/stm32cubeide/plugins/com.st.stm32cube.ide.mcu.externaltools.gnu-tools-for-stm32.9-2020-q2-update.win32_1.5.0.202011040924/tools/bin/../lib/gcc/arm-none-eabi/9.3.1/../../../../arm-none-eabi/lib/thumb/v7e-m+fp/hard/crt0.o
 .ARM.extab     0x0000000000000000        0x0 e:/st/stm32cubeide_1.6.0/stm32cubeide/plugins/com.st.stm32cube.ide.mcu.externaltools.gnu-tools-for-stm32.9-2020-q2-update.win32_1.5.0.202011040924/tools/bin/../lib/gcc/arm-none-eabi/9.3.1/../../../../arm-none-eabi/lib/thumb/v7e-m+fp/hard/crt0.o
 .ARM.exidx     0x0000000000000000       0x10 e:/st/stm32cubeide_1.6.0/stm32cubeide/plugins/com.st.stm32cube.ide.mcu.externaltools.gnu-tools-for-stm32.9-2020-q2-update.win32_1.5.0.202011040924/tools/bin/../lib/gcc/arm-none-eabi/9.3.1/../../../../arm-none-eabi/lib/thumb/v7e-m+fp/hard/crt0.o
 .ARM.attributes
                0x0000000000000000       0x1c e:/st/stm32cubeide_1.6.0/stm32cubeide/plugins/com.st.stm32cube.ide.mcu.externaltools.gnu-tools-for-stm32.9-2020-q2-update.win32_1.5.0.202011040924/tools/bin/../lib/gcc/arm-none-eabi/9.3.1/../../../../arm-none-eabi/lib/thumb/v7e-m+fp/hard/crt0.o
 .group         0x0000000000000000        0xc CMSIS/Src/system_stm32f4xx.o
 .group         0x0000000000000000        0xc CMSIS/Src/system_stm32f4xx.o
 .group         0x0000000000000000        0xc CMSIS/Src/system_stm32f4xx.o
 .group         0x0000000000000000        0xc CMSIS/Src/system_stm32f4xx.o
 .group         0x0000000000000000        0xc CMSIS/Src/system_stm32f4xx.o
 .group         0x0000000000000000        0xc CMSIS/Src/system_stm32f4xx.o
 .group         0x0000000000000000        0xc CMSIS/Src/system_stm32f4xx.o
 .group         0x0000000000000000        0xc CMSIS/Src/system_stm32f4xx.o
 .group         0x0000000000000000        0xc CMSIS/Src/system_stm32f4xx.o
 .group         0x0000000000000000        0xc CMSIS/Src/system_stm32f4xx.o
 .group         0x0000000000000000        0xc CMSIS/Src/system_stm32f4xx.o
 .group         0x0000000000000000        0xc CMSIS/Src/system_stm32f4xx.o
 .group         0x0000000000000000        0xc CMSIS/Src/system_stm32f4xx.o
 .group         0x0000000000000000        0xc CMSIS/Src/system_stm32f4xx.o
 .group         0x0000000000000000        0xc CMSIS/Src/system_stm32f4xx.o
 .group         0x0000000000000000        0xc CMSIS/Src/system_stm32f4xx.o
 .text          0x0000000000000000        0x0 CMSIS/Src/system_stm32f4xx.o
 .data          0x0000000000000000        0x0 CMSIS/Src/system_stm32f4xx.o
 .bss           0x0000000000000000        0x0 CMSIS/Src/system_stm32f4xx.o
 .data.SystemCoreClock
                0x0000000000000000        0x4 CMSIS/Src/system_stm32f4xx.o
 .rodata.AHBPrescTable
                0x0000000000000000       0x10 CMSIS/Src/system_stm32f4xx.o
 .rodata.APBPrescTable
                0x0000000000000000        0x8 CMSIS/Src/system_stm32f4xx.o
 .text.SystemCoreClockUpdate
                0x0000000000000000      0x100 CMSIS/Src/system_stm32f4xx.o
 .group         0x0000000000000000        0xc Src/buffer.o
 .group         0x0000000000000000        0xc Src/buffer.o
 .group         0x0000000000000000        0xc Src/buffer.o
 .group         0x0000000000000000        0xc Src/buffer.o
 .group         0x0000000000000000        0xc Src/buffer.o
 .group         0x0000000000000000        0xc Src/buffer.o
 .group         0x0000000000000000        0xc Src/buffer.o
 .group         0x0000000000000000        0xc Src/buffer.o
 .group         0x0000000000000000        0xc Src/buffer.o
 .group         0x0000000000000000        0xc Src/buffer.o
 .group         0x0000000000000000        0xc Src/buffer.o
 .group         0x0000000000000000        0xc Src/buffer.o
 .group         0x0000000000000000        0xc Src/buffer.o
 .group         0x0000000000000000        0xc Src/buffer.o
 .group         0x0000000000000000        0xc Src/buffer.o
 .group         0x0000000000000000        0xc Src/buffer.o
 .group         0x0000000000000000        0xc Src/buffer.o
 .text          0x0000000000000000        0x0 Src/buffer.o
 .data          0x0000000000000000        0x0 Src/buffer.o
 .bss           0x0000000000000000        0x0 Src/buffer.o
 .debug_macro   0x0000000000000000      0xaae Src/buffer.o
 .debug_macro   0x0000000000000000       0x2e Src/buffer.o
 .debug_macro   0x0000000000000000       0x2f Src/buffer.o
 .debug_macro   0x0000000000000000       0x22 Src/buffer.o
 .debug_macro   0x0000000000000000       0x8e Src/buffer.o
 .debug_macro   0x0000000000000000       0x51 Src/buffer.o
 .debug_macro   0x0000000000000000      0x103 Src/buffer.o
 .debug_macro   0x0000000000000000       0x6a Src/buffer.o
 .debug_macro   0x0000000000000000      0x1df Src/buffer.o
 .debug_macro   0x0000000000000000       0x1c Src/buffer.o
 .debug_macro   0x0000000000000000       0x22 Src/buffer.o
 .debug_macro   0x0000000000000000       0xdf Src/buffer.o
 .debug_macro   0x0000000000000000     0x102d Src/buffer.o
 .debug_macro   0x0000000000000000      0x11f Src/buffer.o
 .debug_macro   0x0000000000000000    0x15e3c Src/buffer.o
 .debug_macro   0x0000000000000000       0x43 Src/buffer.o
 .group         0x0000000000000000        0xc Src/gpio.o
 .group         0x0000000000000000        0xc Src/gpio.o
 .group         0x0000000000000000        0xc Src/gpio.o
 .group         0x0000000000000000        0xc Src/gpio.o
 .group         0x0000000000000000        0xc Src/gpio.o
 .group         0x0000000000000000        0xc Src/gpio.o
 .group         0x0000000000000000        0xc Src/gpio.o
 .group         0x0000000000000000        0xc Src/gpio.o
 .group         0x0000000000000000        0xc Src/gpio.o
 .group         0x0000000000000000        0xc Src/gpio.o
 .group         0x0000000000000000        0xc Src/gpio.o
 .group         0x0000000000000000        0xc Src/gpio.o
 .group         0x0000000000000000        0xc Src/gpio.o
 .group         0x0000000000000000        0xc Src/gpio.o
 .group         0x0000000000000000        0xc Src/gpio.o
 .group         0x0000000000000000        0xc Src/gpio.o
 .group         0x0000000000000000        0xc Src/gpio.o
 .group         0x0000000000000000        0xc Src/gpio.o
 .group         0x0000000000000000        0xc Src/gpio.o
 .group         0x0000000000000000        0xc Src/gpio.o
 .group         0x0000000000000000        0xc Src/gpio.o
 .text          0x0000000000000000        0x0 Src/gpio.o
 .data          0x0000000000000000        0x0 Src/gpio.o
 .bss           0x0000000000000000        0x0 Src/gpio.o
 .debug_macro   0x0000000000000000      0xaae Src/gpio.o
 .debug_macro   0x0000000000000000       0x2e Src/gpio.o
 .debug_macro   0x0000000000000000       0x2f Src/gpio.o
 .debug_macro   0x0000000000000000       0x22 Src/gpio.o
 .debug_macro   0x0000000000000000       0x8e Src/gpio.o
 .debug_macro   0x0000000000000000       0x51 Src/gpio.o
 .debug_macro   0x0000000000000000      0x103 Src/gpio.o
 .debug_macro   0x0000000000000000       0x6a Src/gpio.o
 .debug_macro   0x0000000000000000      0x1df Src/gpio.o
 .debug_macro   0x0000000000000000       0x1c Src/gpio.o
 .debug_macro   0x0000000000000000       0x22 Src/gpio.o
 .debug_macro   0x0000000000000000       0xdf Src/gpio.o
 .debug_macro   0x0000000000000000     0x102d Src/gpio.o
 .debug_macro   0x0000000000000000      0x11f Src/gpio.o
 .debug_macro   0x0000000000000000    0x15e3c Src/gpio.o
 .debug_macro   0x0000000000000000       0x43 Src/gpio.o
 .debug_macro   0x0000000000000000       0x4c Src/gpio.o
 .group         0x0000000000000000        0xc Src/main.o
 .group         0x0000000000000000        0xc Src/main.o
 .group         0x0000000000000000        0xc Src/main.o
 .group         0x0000000000000000        0xc Src/main.o
 .group         0x0000000000000000        0xc Src/main.o
 .group         0x0000000000000000        0xc Src/main.o
 .group         0x0000000000000000        0xc Src/main.o
 .group         0x0000000000000000        0xc Src/main.o
 .group         0x0000000000000000        0xc Src/main.o
 .group         0x0000000000000000        0xc Src/main.o
 .group         0x0000000000000000        0xc Src/main.o
 .group         0x0000000000000000        0xc Src/main.o
 .group         0x0000000000000000        0xc Src/main.o
 .group         0x0000000000000000        0xc Src/main.o
 .group         0x0000000000000000        0xc Src/main.o
 .group         0x0000000000000000        0xc Src/main.o
 .group         0x0000000000000000        0xc Src/main.o
 .group         0x0000000000000000        0xc Src/main.o
 .group         0x0000000000000000        0xc Src/main.o
 .group         0x0000000000000000        0xc Src/main.o
 .group         0x0000000000000000        0xc Src/main.o
 .text          0x0000000000000000        0x0 Src/main.o
 .data          0x0000000000000000        0x0 Src/main.o
 .bss           0x0000000000000000        0x0 Src/main.o
 .debug_macro   0x0000000000000000      0xaae Src/main.o
 .debug_macro   0x0000000000000000       0x2e Src/main.o
 .debug_macro   0x0000000000000000       0x2f Src/main.o
 .debug_macro   0x0000000000000000       0x22 Src/main.o
 .debug_macro   0x0000000000000000       0x8e Src/main.o
 .debug_macro   0x0000000000000000       0x51 Src/main.o
 .debug_macro   0x0000000000000000      0x103 Src/main.o
 .debug_macro   0x0000000000000000       0x6a Src/main.o
 .debug_macro   0x0000000000000000      0x1df Src/main.o
 .debug_macro   0x0000000000000000       0x1c Src/main.o
 .debug_macro   0x0000000000000000       0x22 Src/main.o
 .debug_macro   0x0000000000000000       0xdf Src/main.o
 .debug_macro   0x0000000000000000     0x102d Src/main.o
 .debug_macro   0x0000000000000000      0x11f Src/main.o
 .debug_macro   0x0000000000000000    0x15e3c Src/main.o
 .debug_macro   0x0000000000000000       0x43 Src/main.o
 .debug_macro   0x0000000000000000       0x4c Src/main.o
 .debug_macro   0x0000000000000000       0x34 Src/main.o
 .debug_macro   0x0000000000000000       0x28 Src/main.o
 .debug_macro   0x0000000000000000       0x2e Src/main.o
 .debug_macro   0x0000000000000000       0x2e Src/main.o
 .group         0x0000000000000000        0xc Src/parallel.o
 .group         0x0000000000000000        0xc Src/parallel.o
 .group         0x0000000000000000        0xc Src/parallel.o
 .group         0x0000000000000000        0xc Src/parallel.o
 .group         0x0000000000000000        0xc Src/parallel.o
 .group         0x0000000000000000        0xc Src/parallel.o
 .group         0x0000000000000000        0xc Src/parallel.o
 .group         0x0000000000000000        0xc Src/parallel.o
 .group         0x0000000000000000        0xc Src/parallel.o
 .group         0x0000000000000000        0xc Src/parallel.o
 .group         0x0000000000000000        0xc Src/parallel.o
 .group         0x0000000000000000        0xc Src/parallel.o
 .group         0x0000000000000000        0xc Src/parallel.o
 .group         0x0000000000000000        0xc Src/parallel.o
 .group         0x0000000000000000        0xc Src/parallel.o
 .group         0x0000000000000000        0xc Src/parallel.o
 .group         0x0000000000000000        0xc Src/parallel.o
 .group         0x0000000000000000        0xc Src/parallel.o
 .group         0x0000000000000000        0xc Src/parallel.o
 .text          0x0000000000000000        0x0 Src/parallel.o
 .data          0x0000000000000000        0x0 Src/parallel.o
 .bss           0x0000000000000000        0x0 Src/parallel.o
 .debug_macro   0x0000000000000000      0xaae Src/parallel.o
 .debug_macro   0x0000000000000000       0x2e Src/parallel.o
 .debug_macro   0x0000000000000000       0x2f Src/parallel.o
 .debug_macro   0x0000000000000000       0x22 Src/parallel.o
 .debug_macro   0x0000000000000000       0x8e Src/parallel.o
 .debug_macro   0x0000000000000000       0x51 Src/parallel.o
 .debug_macro   0x0000000000000000      0x103 Src/parallel.o
 .debug_macro   0x0000000000000000       0x6a Src/parallel.o
 .debug_macro   0x0000000000000000      0x1df Src/parallel.o
 .debug_macro   0x0000000000000000       0x1c Src/parallel.o
 .debug_macro   0x0000000000000000       0x22 Src/parallel.o
 .debug_macro   0x0000000000000000       0xdf Src/parallel.o
 .debug_macro   0x0000000000000000     0x102d Src/parallel.o
 .debug_macro   0x0000000000000000      0x11f Src/parallel.o
 .debug_macro   0x0000000000000000    0x15e3c Src/parallel.o
 .debug_macro   0x0000000000000000       0x43 Src/parallel.o
 .debug_macro   0x0000000000000000       0x4c Src/parallel.o
 .group         0x0000000000000000        0xc Src/serial.o
 .group         0x0000000000000000        0xc Src/serial.o
 .group         0x0000000000000000        0xc Src/serial.o
 .group         0x0000000000000000        0xc Src/serial.o
 .group         0x0000000000000000        0xc Src/serial.o
 .group         0x0000000000000000        0xc Src/serial.o
 .group         0x0000000000000000        0xc Src/serial.o
 .group         0x0000000000000000        0xc Src/serial.o
 .group         0x0000000000000000        0xc Src/serial.o
 .group         0x0000000000000000        0xc Src/serial.o
 .group         0x0000000000000000        0xc Src/serial.o
 .group         0x0000000000000000        0xc Src/serial.o
 .group         0x0000000000000000        0xc Src/serial.o
 .group         0x0000000000000000        0xc Src/serial.o
 .group         0x0000000000000000        0xc Src/serial.o
 .group         0x0000000000000000        0xc Src/serial.o
 .group         0x0000000000000000        0xc Src/serial.o
 .group         0x0000000000000000        0xc Src/serial.o
 .group         0x0000000000000000        0xc Src/serial.o
 .group         0x0000000000000000        0xc Src/serial.o
 .text          0x0000000000000000        0x0 Src/serial.o
 .data          0x0000000000000000        0x0 Src/serial.o
 .bss           0x0000000000000000        0x0 Src/serial.o
 .debug_macro   0x0000000000000000      0xaae Src/serial.o
 .debug_macro   0x0000000000000000       0x2e Src/serial.o
 .debug_macro   0x0000000000000000       0x2f Src/serial.o
 .debug_macro   0x0000000000000000       0x22 Src/serial.o
 .debug_macro   0x0000000000000000       0x8e Src/serial.o
 .debug_macro   0x0000000000000000       0x51 Src/serial.o
 .debug_macro   0x0000000000000000      0x103 Src/serial.o
 .debug_macro   0x0000000000000000       0x6a Src/serial.o
 .debug_macro   0x0000000000000000      0x1df Src/serial.o
 .debug_macro   0x0000000000000000       0x1c Src/serial.o
 .debug_macro   0x0000000000000000       0x22 Src/serial.o
 .debug_macro   0x0000000000000000       0xdf Src/serial.o
 .debug_macro   0x0000000000000000     0x102d Src/serial.o
 .debug_macro   0x0000000000000000      0x11f Src/serial.o
 .debug_macro   0x0000000000000000    0x15e3c Src/serial.o
 .debug_macro   0x0000000000000000       0x43 Src/serial.o
 .debug_macro   0x0000000000000000       0x4c Src/serial.o
 .debug_macro   0x0000000000000000       0x3a Src/serial.o
 .debug_macro   0x0000000000000000       0x28 Src/serial.o
 .group         0x0000000000000000        0xc Src/syscalls.o
 .group         0x0000000000000000        0xc Src/syscalls.o
 .group         0x0000000000000000        0xc Src/syscalls.o
 .group         0x0000000000000000        0xc Src/syscalls.o
 .group         0x0000000000000000        0xc Src/syscalls.o
 .group         0x0000000000000000        0xc Src/syscalls.o
 .group         0x0000000000000000        0xc Src/syscalls.o
 .group         0x0000000000000000        0xc Src/syscalls.o
 .group         0x0000000000000000        0xc Src/syscalls.o
 .group         0x0000000000000000        0xc Src/syscalls.o
 .group         0x0000000000000000        0xc Src/syscalls.o
 .group         0x0000000000000000        0xc Src/syscalls.o
 .group         0x0000000000000000        0xc Src/syscalls.o
 .group         0x0000000000000000        0xc Src/syscalls.o
 .group         0x0000000000000000        0xc Src/syscalls.o
 .group         0x0000000000000000        0xc Src/syscalls.o
 .group         0x0000000000000000        0xc Src/syscalls.o
 .group         0x0000000000000000        0xc Src/syscalls.o
 .group         0x0000000000000000        0xc Src/syscalls.o
 .group         0x0000000000000000        0xc Src/syscalls.o
 .group         0x0000000000000000        0xc Src/syscalls.o
 .group         0x0000000000000000        0xc Src/syscalls.o
 .group         0x0000000000000000        0xc Src/syscalls.o
 .group         0x0000000000000000        0xc Src/syscalls.o
 .group         0x0000000000000000        0xc Src/syscalls.o
 .group         0x0000000000000000        0xc Src/syscalls.o
 .group         0x0000000000000000        0xc Src/syscalls.o
 .group         0x0000000000000000        0xc Src/syscalls.o
 .group         0x0000000000000000        0xc Src/syscalls.o
 .group         0x0000000000000000        0xc Src/syscalls.o
 .group         0x0000000000000000        0xc Src/syscalls.o
 .group         0x0000000000000000        0xc Src/syscalls.o
 .group         0x0000000000000000        0xc Src/syscalls.o
 .group         0x0000000000000000        0xc Src/syscalls.o
 .group         0x0000000000000000        0xc Src/syscalls.o
 .group         0x0000000000000000        0xc Src/syscalls.o
 .group         0x0000000000000000        0xc Src/syscalls.o
 .group         0x0000000000000000        0xc Src/syscalls.o
 .group         0x0000000000000000        0xc Src/syscalls.o
 .group         0x0000000000000000        0xc Src/syscalls.o
 .group         0x0000000000000000        0xc Src/syscalls.o
 .group         0x0000000000000000        0xc Src/syscalls.o
 .group         0x0000000000000000        0xc Src/syscalls.o
 .group         0x0000000000000000        0xc Src/syscalls.o
 .group         0x0000000000000000        0xc Src/syscalls.o
 .group         0x0000000000000000        0xc Src/syscalls.o
 .group         0x0000000000000000        0xc Src/syscalls.o
 .text          0x0000000000000000        0x0 Src/syscalls.o
 .data          0x0000000000000000        0x0 Src/syscalls.o
 .bss           0x0000000000000000        0x0 Src/syscalls.o
 .bss.__env     0x0000000000000000        0x4 Src/syscalls.o
 .data.environ  0x0000000000000000        0x4 Src/syscalls.o
 .text.initialise_monitor_handles
                0x0000000000000000        0xe Src/syscalls.o
 .text._getpid  0x0000000000000000       0x10 Src/syscalls.o
 .text._kill    0x0000000000000000       0x20 Src/syscalls.o
 .text._exit    0x0000000000000000       0x14 Src/syscalls.o
 .text._read    0x0000000000000000       0x3a Src/syscalls.o
 .text._write   0x0000000000000000       0x38 Src/syscalls.o
 .text._close   0x0000000000000000       0x18 Src/syscalls.o
 .text._fstat   0x0000000000000000       0x20 Src/syscalls.o
 .text._isatty  0x0000000000000000       0x16 Src/syscalls.o
 .text._lseek   0x0000000000000000       0x1a Src/syscalls.o
 .text._open    0x0000000000000000       0x1c Src/syscalls.o
 .text._wait    0x0000000000000000       0x1e Src/syscalls.o
 .text._unlink  0x0000000000000000       0x1e Src/syscalls.o
 .text._times   0x0000000000000000       0x18 Src/syscalls.o
 .text._stat    0x0000000000000000       0x20 Src/syscalls.o
 .text._link    0x0000000000000000       0x20 Src/syscalls.o
 .text._fork    0x0000000000000000       0x16 Src/syscalls.o
 .text._execve  0x0000000000000000       0x22 Src/syscalls.o
 .debug_info    0x0000000000000000      0xfa8 Src/syscalls.o
 .debug_abbrev  0x0000000000000000      0x286 Src/syscalls.o
 .debug_aranges
                0x0000000000000000       0xa8 Src/syscalls.o
 .debug_ranges  0x0000000000000000       0x98 Src/syscalls.o
 .debug_macro   0x0000000000000000      0x24c Src/syscalls.o
 .debug_macro   0x0000000000000000      0xaae Src/syscalls.o
 .debug_macro   0x0000000000000000       0x22 Src/syscalls.o
 .debug_macro   0x0000000000000000       0x4c Src/syscalls.o
 .debug_macro   0x0000000000000000       0x18 Src/syscalls.o
 .debug_macro   0x0000000000000000       0x94 Src/syscalls.o
 .debug_macro   0x0000000000000000       0x3c Src/syscalls.o
 .debug_macro   0x0000000000000000       0x34 Src/syscalls.o
 .debug_macro   0x0000000000000000       0x57 Src/syscalls.o
 .debug_macro   0x0000000000000000      0x174 Src/syscalls.o
 .debug_macro   0x0000000000000000      0x339 Src/syscalls.o
 .debug_macro   0x0000000000000000       0x16 Src/syscalls.o
 .debug_macro   0x0000000000000000       0x43 Src/syscalls.o
 .debug_macro   0x0000000000000000       0x34 Src/syscalls.o
 .debug_macro   0x0000000000000000       0x10 Src/syscalls.o
 .debug_macro   0x0000000000000000       0x58 Src/syscalls.o
 .debug_macro   0x0000000000000000       0x71 Src/syscalls.o
 .debug_macro   0x0000000000000000       0x1c Src/syscalls.o
 .debug_macro   0x0000000000000000      0x12a Src/syscalls.o
 .debug_macro   0x0000000000000000       0x10 Src/syscalls.o
 .debug_macro   0x0000000000000000       0x35 Src/syscalls.o
 .debug_macro   0x0000000000000000       0x10 Src/syscalls.o
 .debug_macro   0x0000000000000000       0x10 Src/syscalls.o
 .debug_macro   0x0000000000000000       0x10 Src/syscalls.o
 .debug_macro   0x0000000000000000       0x6a Src/syscalls.o
 .debug_macro   0x0000000000000000       0x1c Src/syscalls.o
 .debug_macro   0x0000000000000000       0x52 Src/syscalls.o
 .debug_macro   0x0000000000000000       0x22 Src/syscalls.o
 .debug_macro   0x0000000000000000       0x10 Src/syscalls.o
 .debug_macro   0x0000000000000000       0x40 Src/syscalls.o
 .debug_macro   0x0000000000000000       0xd5 Src/syscalls.o
 .debug_macro   0x0000000000000000       0x1c Src/syscalls.o
 .debug_macro   0x0000000000000000       0x3d Src/syscalls.o
 .debug_macro   0x0000000000000000       0x35 Src/syscalls.o
 .debug_macro   0x0000000000000000      0x12c Src/syscalls.o
 .debug_macro   0x0000000000000000       0x16 Src/syscalls.o
 .debug_macro   0x0000000000000000       0x16 Src/syscalls.o
 .debug_macro   0x0000000000000000       0x29 Src/syscalls.o
 .debug_macro   0x0000000000000000       0x10 Src/syscalls.o
 .debug_macro   0x0000000000000000      0x241 Src/syscalls.o
 .debug_macro   0x0000000000000000       0x1c Src/syscalls.o
 .debug_macro   0x0000000000000000       0x10 Src/syscalls.o
 .debug_macro   0x0000000000000000       0x10 Src/syscalls.o
 .debug_macro   0x0000000000000000       0x16 Src/syscalls.o
 .debug_macro   0x0000000000000000      0x145 Src/syscalls.o
 .debug_macro   0x0000000000000000      0x189 Src/syscalls.o
 .debug_macro   0x0000000000000000       0x16 Src/syscalls.o
 .debug_macro   0x0000000000000000       0xce Src/syscalls.o
 .debug_line    0x0000000000000000      0x7fd Src/syscalls.o
 .debug_str     0x0000000000000000     0x8ea5 Src/syscalls.o
 .comment       0x0000000000000000       0x54 Src/syscalls.o
 .debug_frame   0x0000000000000000      0x2ac Src/syscalls.o
 .ARM.attributes
                0x0000000000000000       0x34 Src/syscalls.o
 .group         0x0000000000000000        0xc Src/sysmem.o
 .group         0x0000000000000000        0xc Src/sysmem.o
 .group         0x0000000000000000        0xc Src/sysmem.o
 .group         0x0000000000000000        0xc Src/sysmem.o
 .group         0x0000000000000000        0xc Src/sysmem.o
 .group         0x0000000000000000        0xc Src/sysmem.o
 .group         0x0000000000000000        0xc Src/sysmem.o
 .group         0x0000000000000000        0xc Src/sysmem.o
 .group         0x0000000000000000        0xc Src/sysmem.o
 .group         0x0000000000000000        0xc Src/sysmem.o
 .group         0x0000000000000000        0xc Src/sysmem.o
 .group         0x0000000000000000        0xc Src/sysmem.o
 .group         0x0000000000000000        0xc Src/sysmem.o
 .group         0x0000000000000000        0xc Src/sysmem.o
 .group         0x0000000000000000        0xc Src/sysmem.o
 .group         0x0000000000000000        0xc Src/sysmem.o
 .group         0x0000000000000000        0xc Src/sysmem.o
 .group         0x0000000000000000        0xc Src/sysmem.o
 .group         0x0000000000000000        0xc Src/sysmem.o
 .group         0x0000000000000000        0xc Src/sysmem.o
 .group         0x0000000000000000        0xc Src/sysmem.o
 .group         0x0000000000000000        0xc Src/sysmem.o
 .text          0x0000000000000000        0x0 Src/sysmem.o
 .data          0x0000000000000000        0x0 Src/sysmem.o
 .bss           0x0000000000000000        0x0 Src/sysmem.o
 .bss.__sbrk_heap_end
                0x0000000000000000        0x4 Src/sysmem.o
 .text._sbrk    0x0000000000000000       0x6c Src/sysmem.o
 .debug_info    0x0000000000000000      0xa25 Src/sysmem.o
 .debug_abbrev  0x0000000000000000      0x1bf Src/sysmem.o
 .debug_aranges
                0x0000000000000000       0x20 Src/sysmem.o
 .debug_ranges  0x0000000000000000       0x10 Src/sysmem.o
 .debug_macro   0x0000000000000000       0xff Src/sysmem.o
 .debug_macro   0x0000000000000000      0xaae Src/sysmem.o
 .debug_macro   0x0000000000000000       0x10 Src/sysmem.o
 .debug_macro   0x0000000000000000       0x22 Src/sysmem.o
 .debug_macro   0x0000000000000000       0x4c Src/sysmem.o
 .debug_macro   0x0000000000000000       0x18 Src/sysmem.o
 .debug_macro   0x0000000000000000       0x94 Src/sysmem.o
 .debug_macro   0x0000000000000000       0x3c Src/sysmem.o
 .debug_macro   0x0000000000000000       0x34 Src/sysmem.o
 .debug_macro   0x0000000000000000      0x174 Src/sysmem.o
 .debug_macro   0x0000000000000000       0x16 Src/sysmem.o
 .debug_macro   0x0000000000000000       0x43 Src/sysmem.o
 .debug_macro   0x0000000000000000       0x57 Src/sysmem.o
 .debug_macro   0x0000000000000000       0x34 Src/sysmem.o
 .debug_macro   0x0000000000000000       0x10 Src/sysmem.o
 .debug_macro   0x0000000000000000       0x58 Src/sysmem.o
 .debug_macro   0x0000000000000000       0x71 Src/sysmem.o
 .debug_macro   0x0000000000000000       0x1c Src/sysmem.o
 .debug_macro   0x0000000000000000      0x12a Src/sysmem.o
 .debug_macro   0x0000000000000000      0x23b Src/sysmem.o
 .debug_macro   0x0000000000000000      0x103 Src/sysmem.o
 .debug_macro   0x0000000000000000       0x6a Src/sysmem.o
 .debug_macro   0x0000000000000000      0x1df Src/sysmem.o
 .debug_line    0x0000000000000000      0x4f3 Src/sysmem.o
 .debug_str     0x0000000000000000     0x6278 Src/sysmem.o
 .comment       0x0000000000000000       0x54 Src/sysmem.o
 .debug_frame   0x0000000000000000       0x34 Src/sysmem.o
 .ARM.attributes
                0x0000000000000000       0x34 Src/sysmem.o
 .group         0x0000000000000000        0xc Src/tim.o
 .group         0x0000000000000000        0xc Src/tim.o
 .group         0x0000000000000000        0xc Src/tim.o
 .group         0x0000000000000000        0xc Src/tim.o
 .group         0x0000000000000000        0xc Src/tim.o
 .group         0x0000000000000000        0xc Src/tim.o
 .group         0x0000000000000000        0xc Src/tim.o
 .group         0x0000000000000000        0xc Src/tim.o
 .group         0x0000000000000000        0xc Src/tim.o
 .group         0x0000000000000000        0xc Src/tim.o
 .group         0x0000000000000000        0xc Src/tim.o
 .group         0x0000000000000000        0xc Src/tim.o
 .group         0x0000000000000000        0xc Src/tim.o
 .group         0x0000000000000000        0xc Src/tim.o
 .group         0x0000000000000000        0xc Src/tim.o
 .group         0x0000000000000000        0xc Src/tim.o
 .group         0x0000000000000000        0xc Src/tim.o
 .group         0x0000000000000000        0xc Src/tim.o
 .group         0x0000000000000000        0xc Src/tim.o
 .group         0x0000000000000000        0xc Src/tim.o
 .text          0x0000000000000000        0x0 Src/tim.o
 .data          0x0000000000000000        0x0 Src/tim.o
 .bss           0x0000000000000000        0x0 Src/tim.o
 .debug_macro   0x0000000000000000      0xaae Src/tim.o
 .debug_macro   0x0000000000000000       0x2e Src/tim.o
 .debug_macro   0x0000000000000000       0x2f Src/tim.o
 .debug_macro   0x0000000000000000       0x22 Src/tim.o
 .debug_macro   0x0000000000000000       0x8e Src/tim.o
 .debug_macro   0x0000000000000000       0x51 Src/tim.o
 .debug_macro   0x0000000000000000      0x103 Src/tim.o
 .debug_macro   0x0000000000000000       0x6a Src/tim.o
 .debug_macro   0x0000000000000000      0x1df Src/tim.o
 .debug_macro   0x0000000000000000       0x1c Src/tim.o
 .debug_macro   0x0000000000000000       0x22 Src/tim.o
 .debug_macro   0x0000000000000000       0xdf Src/tim.o
 .debug_macro   0x0000000000000000     0x102d Src/tim.o
 .debug_macro   0x0000000000000000      0x11f Src/tim.o
 .debug_macro   0x0000000000000000    0x15e3c Src/tim.o
 .debug_macro   0x0000000000000000       0x43 Src/tim.o
 .debug_macro   0x0000000000000000       0x4c Src/tim.o
 .debug_macro   0x0000000000000000       0x3a Src/tim.o
 .debug_macro   0x0000000000000000       0x2e Src/tim.o
 .text          0x0000000000000000       0x14 Startup/startup_stm32f407vgtx.o
 .data          0x0000000000000000        0x0 Startup/startup_stm32f407vgtx.o
 .bss           0x0000000000000000        0x0 Startup/startup_stm32f407vgtx.o
 .text          0x0000000000000000        0x0 e:/st/stm32cubeide_1.6.0/stm32cubeide/plugins/com.st.stm32cube.ide.mcu.externaltools.gnu-tools-for-stm32.9-2020-q2-update.win32_1.5.0.202011040924/tools/bin/../lib/gcc/arm-none-eabi/9.3.1/../../../../arm-none-eabi/lib/thumb/v7e-m+fp/hard\libc_nano.a(lib_a-errno.o)
 .data          0x0000000000000000        0x0 e:/st/stm32cubeide_1.6.0/stm32cubeide/plugins/com.st.stm32cube.ide.mcu.externaltools.gnu-tools-for-stm32.9-2020-q2-update.win32_1.5.0.202011040924/tools/bin/../lib/gcc/arm-none-eabi/9.3.1/../../../../arm-none-eabi/lib/thumb/v7e-m+fp/hard\libc_nano.a(lib_a-errno.o)
 .bss           0x0000000000000000        0x0 e:/st/stm32cubeide_1.6.0/stm32cubeide/plugins/com.st.stm32cube.ide.mcu.externaltools.gnu-tools-for-stm32.9-2020-q2-update.win32_1.5.0.202011040924/tools/bin/../lib/gcc/arm-none-eabi/9.3.1/../../../../arm-none-eabi/lib/thumb/v7e-m+fp/hard\libc_nano.a(lib_a-errno.o)
 .text.__errno  0x0000000000000000        0xc e:/st/stm32cubeide_1.6.0/stm32cubeide/plugins/com.st.stm32cube.ide.mcu.externaltools.gnu-tools-for-stm32.9-2020-q2-update.win32_1.5.0.202011040924/tools/bin/../lib/gcc/arm-none-eabi/9.3.1/../../../../arm-none-eabi/lib/thumb/v7e-m+fp/hard\libc_nano.a(lib_a-errno.o)
 .debug_frame   0x0000000000000000       0x20 e:/st/stm32cubeide_1.6.0/stm32cubeide/plugins/com.st.stm32cube.ide.mcu.externaltools.gnu-tools-for-stm32.9-2020-q2-update.win32_1.5.0.202011040924/tools/bin/../lib/gcc/arm-none-eabi/9.3.1/../../../../arm-none-eabi/lib/thumb/v7e-m+fp/hard\libc_nano.a(lib_a-errno.o)
 .ARM.attributes
                0x0000000000000000       0x34 e:/st/stm32cubeide_1.6.0/stm32cubeide/plugins/com.st.stm32cube.ide.mcu.externaltools.gnu-tools-for-stm32.9-2020-q2-update.win32_1.5.0.202011040924/tools/bin/../lib/gcc/arm-none-eabi/9.3.1/../../../../arm-none-eabi/lib/thumb/v7e-m+fp/hard\libc_nano.a(lib_a-errno.o)
 .text          0x0000000000000000        0x0 e:/st/stm32cubeide_1.6.0/stm32cubeide/plugins/com.st.stm32cube.ide.mcu.externaltools.gnu-tools-for-stm32.9-2020-q2-update.win32_1.5.0.202011040924/tools/bin/../lib/gcc/arm-none-eabi/9.3.1/../../../../arm-none-eabi/lib/thumb/v7e-m+fp/hard\libc_nano.a(lib_a-exit.o)
 .data          0x0000000000000000        0x0 e:/st/stm32cubeide_1.6.0/stm32cubeide/plugins/com.st.stm32cube.ide.mcu.externaltools.gnu-tools-for-stm32.9-2020-q2-update.win32_1.5.0.202011040924/tools/bin/../lib/gcc/arm-none-eabi/9.3.1/../../../../arm-none-eabi/lib/thumb/v7e-m+fp/hard\libc_nano.a(lib_a-exit.o)
 .bss           0x0000000000000000        0x0 e:/st/stm32cubeide_1.6.0/stm32cubeide/plugins/com.st.stm32cube.ide.mcu.externaltools.gnu-tools-for-stm32.9-2020-q2-update.win32_1.5.0.202011040924/tools/bin/../lib/gcc/arm-none-eabi/9.3.1/../../../../arm-none-eabi/lib/thumb/v7e-m+fp/hard\libc_nano.a(lib_a-exit.o)
 .text.exit     0x0000000000000000       0x28 e:/st/stm32cubeide_1.6.0/stm32cubeide/plugins/com.st.stm32cube.ide.mcu.externaltools.gnu-tools-for-stm32.9-2020-q2-update.win32_1.5.0.202011040924/tools/bin/../lib/gcc/arm-none-eabi/9.3.1/../../../../arm-none-eabi/lib/thumb/v7e-m+fp/hard\libc_nano.a(lib_a-exit.o)
 .debug_frame   0x0000000000000000       0x28 e:/st/stm32cubeide_1.6.0/stm32cubeide/plugins/com.st.stm32cube.ide.mcu.externaltools.gnu-tools-for-stm32.9-2020-q2-update.win32_1.5.0.202011040924/tools/bin/../lib/gcc/arm-none-eabi/9.3.1/../../../../arm-none-eabi/lib/thumb/v7e-m+fp/hard\libc_nano.a(lib_a-exit.o)
 .ARM.attributes
                0x0000000000000000       0x34 e:/st/stm32cubeide_1.6.0/stm32cubeide/plugins/com.st.stm32cube.ide.mcu.externaltools.gnu-tools-for-stm32.9-2020-q2-update.win32_1.5.0.202011040924/tools/bin/../lib/gcc/arm-none-eabi/9.3.1/../../../../arm-none-eabi/lib/thumb/v7e-m+fp/hard\libc_nano.a(lib_a-exit.o)
 .text          0x0000000000000000        0x0 e:/st/stm32cubeide_1.6.0/stm32cubeide/plugins/com.st.stm32cube.ide.mcu.externaltools.gnu-tools-for-stm32.9-2020-q2-update.win32_1.5.0.202011040924/tools/bin/../lib/gcc/arm-none-eabi/9.3.1/../../../../arm-none-eabi/lib/thumb/v7e-m+fp/hard\libc_nano.a(lib_a-impure.o)
 .data          0x0000000000000000        0x0 e:/st/stm32cubeide_1.6.0/stm32cubeide/plugins/com.st.stm32cube.ide.mcu.externaltools.gnu-tools-for-stm32.9-2020-q2-update.win32_1.5.0.202011040924/tools/bin/../lib/gcc/arm-none-eabi/9.3.1/../../../../arm-none-eabi/lib/thumb/v7e-m+fp/hard\libc_nano.a(lib_a-impure.o)
 .bss           0x0000000000000000        0x0 e:/st/stm32cubeide_1.6.0/stm32cubeide/plugins/com.st.stm32cube.ide.mcu.externaltools.gnu-tools-for-stm32.9-2020-q2-update.win32_1.5.0.202011040924/tools/bin/../lib/gcc/arm-none-eabi/9.3.1/../../../../arm-none-eabi/lib/thumb/v7e-m+fp/hard\libc_nano.a(lib_a-impure.o)
 .data._impure_ptr
                0x0000000000000000        0x4 e:/st/stm32cubeide_1.6.0/stm32cubeide/plugins/com.st.stm32cube.ide.mcu.externaltools.gnu-tools-for-stm32.9-2020-q2-update.win32_1.5.0.202011040924/tools/bin/../lib/gcc/arm-none-eabi/9.3.1/../../../../arm-none-eabi/lib/thumb/v7e-m+fp/hard\libc_nano.a(lib_a-impure.o)
 .data.impure_data
                0x0000000000000000       0x60 e:/st/stm32cubeide_1.6.0/stm32cubeide/plugins/com.st.stm32cube.ide.mcu.externaltools.gnu-tools-for-stm32.9-2020-q2-update.win32_1.5.0.202011040924/tools/bin/../lib/gcc/arm-none-eabi/9.3.1/../../../../arm-none-eabi/lib/thumb/v7e-m+fp/hard\libc_nano.a(lib_a-impure.o)
 .rodata._global_impure_ptr
                0x0000000000000000        0x4 e:/st/stm32cubeide_1.6.0/stm32cubeide/plugins/com.st.stm32cube.ide.mcu.externaltools.gnu-tools-for-stm32.9-2020-q2-update.win32_1.5.0.202011040924/tools/bin/../lib/gcc/arm-none-eabi/9.3.1/../../../../arm-none-eabi/lib/thumb/v7e-m+fp/hard\libc_nano.a(lib_a-impure.o)
 .ARM.attributes
                0x0000000000000000       0x32 e:/st/stm32cubeide_1.6.0/stm32cubeide/plugins/com.st.stm32cube.ide.mcu.externaltools.gnu-tools-for-stm32.9-2020-q2-update.win32_1.5.0.202011040924/tools/bin/../lib/gcc/arm-none-eabi/9.3.1/../../../../arm-none-eabi/lib/thumb/v7e-m+fp/hard\libc_nano.a(lib_a-impure.o)
 .text          0x0000000000000000        0x0 e:/st/stm32cubeide_1.6.0/stm32cubeide/plugins/com.st.stm32cube.ide.mcu.externaltools.gnu-tools-for-stm32.9-2020-q2-update.win32_1.5.0.202011040924/tools/bin/../lib/gcc/arm-none-eabi/9.3.1/../../../../arm-none-eabi/lib/thumb/v7e-m+fp/hard\libc_nano.a(lib_a-init.o)
 .data          0x0000000000000000        0x0 e:/st/stm32cubeide_1.6.0/stm32cubeide/plugins/com.st.stm32cube.ide.mcu.externaltools.gnu-tools-for-stm32.9-2020-q2-update.win32_1.5.0.202011040924/tools/bin/../lib/gcc/arm-none-eabi/9.3.1/../../../../arm-none-eabi/lib/thumb/v7e-m+fp/hard\libc_nano.a(lib_a-init.o)
 .bss           0x0000000000000000        0x0 e:/st/stm32cubeide_1.6.0/stm32cubeide/plugins/com.st.stm32cube.ide.mcu.externaltools.gnu-tools-for-stm32.9-2020-q2-update.win32_1.5.0.202011040924/tools/bin/../lib/gcc/arm-none-eabi/9.3.1/../../../../arm-none-eabi/lib/thumb/v7e-m+fp/hard\libc_nano.a(lib_a-init.o)
 .text          0x0000000000000000        0x0 e:/st/stm32cubeide_1.6.0/stm32cubeide/plugins/com.st.stm32cube.ide.mcu.externaltools.gnu-tools-for-stm32.9-2020-q2-update.win32_1.5.0.202011040924/tools/bin/../lib/gcc/arm-none-eabi/9.3.1/../../../../arm-none-eabi/lib/thumb/v7e-m+fp/hard\libc_nano.a(lib_a-memset.o)
 .data          0x0000000000000000        0x0 e:/st/stm32cubeide_1.6.0/stm32cubeide/plugins/com.st.stm32cube.ide.mcu.externaltools.gnu-tools-for-stm32.9-2020-q2-update.win32_1.5.0.202011040924/tools/bin/../lib/gcc/arm-none-eabi/9.3.1/../../../../arm-none-eabi/lib/thumb/v7e-m+fp/hard\libc_nano.a(lib_a-memset.o)
 .bss           0x0000000000000000        0x0 e:/st/stm32cubeide_1.6.0/stm32cubeide/plugins/com.st.stm32cube.ide.mcu.externaltools.gnu-tools-for-stm32.9-2020-q2-update.win32_1.5.0.202011040924/tools/bin/../lib/gcc/arm-none-eabi/9.3.1/../../../../arm-none-eabi/lib/thumb/v7e-m+fp/hard\libc_nano.a(lib_a-memset.o)
 .text.memset   0x0000000000000000       0x10 e:/st/stm32cubeide_1.6.0/stm32cubeide/plugins/com.st.stm32cube.ide.mcu.externaltools.gnu-tools-for-stm32.9-2020-q2-update.win32_1.5.0.202011040924/tools/bin/../lib/gcc/arm-none-eabi/9.3.1/../../../../arm-none-eabi/lib/thumb/v7e-m+fp/hard\libc_nano.a(lib_a-memset.o)
 .debug_frame   0x0000000000000000       0x20 e:/st/stm32cubeide_1.6.0/stm32cubeide/plugins/com.st.stm32cube.ide.mcu.externaltools.gnu-tools-for-stm32.9-2020-q2-update.win32_1.5.0.202011040924/tools/bin/../lib/gcc/arm-none-eabi/9.3.1/../../../../arm-none-eabi/lib/thumb/v7e-m+fp/hard\libc_nano.a(lib_a-memset.o)
 .ARM.attributes
                0x0000000000000000       0x34 e:/st/stm32cubeide_1.6.0/stm32cubeide/plugins/com.st.stm32cube.ide.mcu.externaltools.gnu-tools-for-stm32.9-2020-q2-update.win32_1.5.0.202011040924/tools/bin/../lib/gcc/arm-none-eabi/9.3.1/../../../../arm-none-eabi/lib/thumb/v7e-m+fp/hard\libc_nano.a(lib_a-memset.o)
 .text          0x0000000000000000        0x0 e:/st/stm32cubeide_1.6.0/stm32cubeide/plugins/com.st.stm32cube.ide.mcu.externaltools.gnu-tools-for-stm32.9-2020-q2-update.win32_1.5.0.202011040924/tools/bin/../lib/gcc/arm-none-eabi/9.3.1/thumb/v7e-m+fp/hard/crtend.o
 .data          0x0000000000000000        0x0 e:/st/stm32cubeide_1.6.0/stm32cubeide/plugins/com.st.stm32cube.ide.mcu.externaltools.gnu-tools-for-stm32.9-2020-q2-update.win32_1.5.0.202011040924/tools/bin/../lib/gcc/arm-none-eabi/9.3.1/thumb/v7e-m+fp/hard/crtend.o
 .bss           0x0000000000000000        0x0 e:/st/stm32cubeide_1.6.0/stm32cubeide/plugins/com.st.stm32cube.ide.mcu.externaltools.gnu-tools-for-stm32.9-2020-q2-update.win32_1.5.0.202011040924/tools/bin/../lib/gcc/arm-none-eabi/9.3.1/thumb/v7e-m+fp/hard/crtend.o
 .eh_frame      0x0000000000000000        0x4 e:/st/stm32cubeide_1.6.0/stm32cubeide/plugins/com.st.stm32cube.ide.mcu.externaltools.gnu-tools-for-stm32.9-2020-q2-update.win32_1.5.0.202011040924/tools/bin/../lib/gcc/arm-none-eabi/9.3.1/thumb/v7e-m+fp/hard/crtend.o
 .ARM.attributes
                0x0000000000000000       0x32 e:/st/stm32cubeide_1.6.0/stm32cubeide/plugins/com.st.stm32cube.ide.mcu.externaltools.gnu-tools-for-stm32.9-2020-q2-update.win32_1.5.0.202011040924/tools/bin/../lib/gcc/arm-none-eabi/9.3.1/thumb/v7e-m+fp/hard/crtend.o
 .text          0x0000000000000000        0x0 e:/st/stm32cubeide_1.6.0/stm32cubeide/plugins/com.st.stm32cube.ide.mcu.externaltools.gnu-tools-for-stm32.9-2020-q2-update.win32_1.5.0.202011040924/tools/bin/../lib/gcc/arm-none-eabi/9.3.1/thumb/v7e-m+fp/hard/crtn.o
 .data          0x0000000000000000        0x0 e:/st/stm32cubeide_1.6.0/stm32cubeide/plugins/com.st.stm32cube.ide.mcu.externaltools.gnu-tools-for-stm32.9-2020-q2-update.win32_1.5.0.202011040924/tools/bin/../lib/gcc/arm-none-eabi/9.3.1/thumb/v7e-m+fp/hard/crtn.o
 .bss           0x0000000000000000        0x0 e:/st/stm32cubeide_1.6.0/stm32cubeide/plugins/com.st.stm32cube.ide.mcu.externaltools.gnu-tools-for-stm32.9-2020-q2-update.win32_1.5.0.202011040924/tools/bin/../lib/gcc/arm-none-eabi/9.3.1/thumb/v7e-m+fp/hard/crtn.o

Memory Configuration

Name             Origin             Length             Attributes
RAM              0x0000000020000000 0x0000000000020000 xrw
FLASH            0x0000000008000000 0x0000000000100000 xr
*default*        0x0000000000000000 0xffffffffffffffff

Linker script and memory map

LOAD e:/st/stm32cubeide_1.6.0/stm32cubeide/plugins/com.st.stm32cube.ide.mcu.externaltools.gnu-tools-for-stm32.9-2020-q2-update.win32_1.5.0.202011040924/tools/bin/../lib/gcc/arm-none-eabi/9.3.1/thumb/v7e-m+fp/hard/crti.o
LOAD e:/st/stm32cubeide_1.6.0/stm32cubeide/plugins/com.st.stm32cube.ide.mcu.externaltools.gnu-tools-for-stm32.9-2020-q2-update.win32_1.5.0.202011040924/tools/bin/../lib/gcc/arm-none-eabi/9.3.1/thumb/v7e-m+fp/hard/crtbegin.o
LOAD e:/st/stm32cubeide_1.6.0/stm32cubeide/plugins/com.st.stm32cube.ide.mcu.externaltools.gnu-tools-for-stm32.9-2020-q2-update.win32_1.5.0.202011040924/tools/bin/../lib/gcc/arm-none-eabi/9.3.1/../../../../arm-none-eabi/lib/thumb/v7e-m+fp/hard/crt0.o
LOAD CMSIS/Src/system_stm32f4xx.o
LOAD Src/buffer.o
LOAD Src/gpio.o
LOAD Src/main.o
LOAD Src/parallel.o
LOAD Src/serial.o
LOAD Src/syscalls.o
LOAD Src/sysmem.o
LOAD Src/tim.o
LOAD Startup/startup_stm32f407vgtx.o
START GROUP
LOAD e:/st/stm32cubeide_1.6.0/stm32cubeide/plugins/com.st.stm32cube.ide.mcu.externaltools.gnu-tools-for-stm32.9-2020-q2-update.win32_1.5.0.202011040924/tools/bin/../lib/gcc/arm-none-eabi/9.3.1/../../../../arm-none-eabi/lib/thumb/v7e-m+fp/hard\libc_nano.a
LOAD e:/st/stm32cubeide_1.6.0/stm32cubeide/plugins/com.st.stm32cube.ide.mcu.externaltools.gnu-tools-for-stm32.9-2020-q2-update.win32_1.5.0.202011040924/tools/bin/../lib/gcc/arm-none-eabi/9.3.1/../../../../arm-none-eabi/lib/thumb/v7e-m+fp/hard\libm.a
END GROUP
START GROUP
LOAD e:/st/stm32cubeide_1.6.0/stm32cubeide/plugins/com.st.stm32cube.ide.mcu.externaltools.gnu-tools-for-stm32.9-2020-q2-update.win32_1.5.0.202011040924/tools/bin/../lib/gcc/arm-none-eabi/9.3.1/thumb/v7e-m+fp/hard\libgcc.a
LOAD e:/st/stm32cubeide_1.6.0/stm32cubeide/plugins/com.st.stm32cube.ide.mcu.externaltools.gnu-tools-for-stm32.9-2020-q2-update.win32_1.5.0.202011040924/tools/bin/../lib/gcc/arm-none-eabi/9.3.1/../../../../arm-none-eabi/lib/thumb/v7e-m+fp/hard\libc_nano.a
END GROUP
START GROUP
LOAD e:/st/stm32cubeide_1.6.0/stm32cubeide/plugins/com.st.stm32cube.ide.mcu.externaltools.gnu-tools-for-stm32.9-2020-q2-update.win32_1.5.0.202011040924/tools/bin/../lib/gcc/arm-none-eabi/9.3.1/thumb/v7e-m+fp/hard\libgcc.a
LOAD e:/st/stm32cubeide_1.6.0/stm32cubeide/plugins/com.st.stm32cube.ide.mcu.externaltools.gnu-tools-for-stm32.9-2020-q2-update.win32_1.5.0.202011040924/tools/bin/../lib/gcc/arm-none-eabi/9.3.1/../../../../arm-none-eabi/lib/thumb/v7e-m+fp/hard\libc_nano.a
LOAD e:/st/stm32cubeide_1.6.0/stm32cubeide/plugins/com.st.stm32cube.ide.mcu.externaltools.gnu-tools-for-stm32.9-2020-q2-update.win32_1.5.0.202011040924/tools/bin/../lib/gcc/arm-none-eabi/9.3.1/../../../../arm-none-eabi/lib/thumb/v7e-m+fp/hard\libnosys.a
END GROUP
START GROUP
LOAD e:/st/stm32cubeide_1.6.0/stm32cubeide/plugins/com.st.stm32cube.ide.mcu.externaltools.gnu-tools-for-stm32.9-2020-q2-update.win32_1.5.0.202011040924/tools/bin/../lib/gcc/arm-none-eabi/9.3.1/thumb/v7e-m+fp/hard\libgcc.a
LOAD e:/st/stm32cubeide_1.6.0/stm32cubeide/plugins/com.st.stm32cube.ide.mcu.externaltools.gnu-tools-for-stm32.9-2020-q2-update.win32_1.5.0.202011040924/tools/bin/../lib/gcc/arm-none-eabi/9.3.1/../../../../arm-none-eabi/lib/thumb/v7e-m+fp/hard\libc_nano.a
LOAD e:/st/stm32cubeide_1.6.0/stm32cubeide/plugins/com.st.stm32cube.ide.mcu.externaltools.gnu-tools-for-stm32.9-2020-q2-update.win32_1.5.0.202011040924/tools/bin/../lib/gcc/arm-none-eabi/9.3.1/../../../../arm-none-eabi/lib/thumb/v7e-m+fp/hard\libnosys.a
END GROUP
LOAD e:/st/stm32cubeide_1.6.0/stm32cubeide/plugins/com.st.stm32cube.ide.mcu.externaltools.gnu-tools-for-stm32.9-2020-q2-update.win32_1.5.0.202011040924/tools/bin/../lib/gcc/arm-none-eabi/9.3.1/thumb/v7e-m+fp/hard/crtend.o
LOAD e:/st/stm32cubeide_1.6.0/stm32cubeide/plugins/com.st.stm32cube.ide.mcu.externaltools.gnu-tools-for-stm32.9-2020-q2-update.win32_1.5.0.202011040924/tools/bin/../lib/gcc/arm-none-eabi/9.3.1/thumb/v7e-m+fp/hard/crtn.o
                0x0000000020020000                _estack = (ORIGIN (RAM) + LENGTH (RAM))
                0x0000000000000200                _Min_Heap_Size = 0x200
                0x0000000000000400                _Min_Stack_Size = 0x400

.isr_vector     0x0000000008000000      0x1a8
                0x0000000008000000                . = ALIGN (0x4)
 *(.isr_vector)
 .isr_vector    0x0000000008000000      0x1a8 Startup/startup_stm32f407vgtx.o
                0x0000000008000000                g_pfnVectors
                0x00000000080001a8                . = ALIGN (0x4)

.text           0x00000000080001a8      0xeb0
                0x00000000080001a8                . = ALIGN (0x4)
 *(.text)
 .text          0x00000000080001a8       0x40 e:/st/stm32cubeide_1.6.0/stm32cubeide/plugins/com.st.stm32cube.ide.mcu.externaltools.gnu-tools-for-stm32.9-2020-q2-update.win32_1.5.0.202011040924/tools/bin/../lib/gcc/arm-none-eabi/9.3.1/thumb/v7e-m+fp/hard/crtbegin.o
 *(.text*)
 .text.SystemInit
                0x00000000080001e8       0x24 CMSIS/Src/system_stm32f4xx.o
                0x00000000080001e8                SystemInit
 .text.BufferTx_init
                0x000000000800020c       0x3e Src/buffer.o
                0x000000000800020c                BufferTx_init
 .text.BufferRx_init
                0x000000000800024a       0x1c Src/buffer.o
                0x000000000800024a                BufferRx_init
 .text.Buffer_Eof
                0x0000000008000266       0x24 Src/buffer.o
                0x0000000008000266                Buffer_Eof
 .text.Buffer_reset
                0x000000000800028a       0x1c Src/buffer.o
                0x000000000800028a                Buffer_reset
 *fill*         0x00000000080002a6        0x2 
 .text.__NVIC_EnableIRQ
                0x00000000080002a8       0x3c Src/gpio.o
 .text.__NVIC_DisableIRQ
                0x00000000080002e4       0x48 Src/gpio.o
 .text.__NVIC_SetPriority
                0x000000000800032c       0x54 Src/gpio.o
 .text.EXTI0_IRQHandler
                0x0000000008000380       0x30 Src/gpio.o
                0x0000000008000380                EXTI0_IRQHandler
 .text.EXTI9_5_IRQHandler
                0x00000000080003b0       0x6c Src/gpio.o
                0x00000000080003b0                EXTI9_5_IRQHandler
 .text.EXTI15_10_IRQHandler
                0x000000000800041c       0x94 Src/gpio.o
                0x000000000800041c                EXTI15_10_IRQHandler
 .text.GPIOA_Button_init
                0x00000000080004b0       0x70 Src/gpio.o
                0x00000000080004b0                GPIOA_Button_init
 .text.GPIOD_init
                0x0000000008000520       0x3c Src/gpio.o
                0x0000000008000520                GPIOD_init
 .text.GPIOE_ParallelOut_init
                0x000000000800055c       0x98 Src/gpio.o
                0x000000000800055c                GPIOE_ParallelOut_init
 .text.GPIOE_ParallelIn_init
                0x00000000080005f4       0x7c Src/gpio.o
                0x00000000080005f4                GPIOE_ParallelIn_init
 .text.GPIOE_SerialOut_init
                0x0000000008000670       0x5c Src/gpio.o
                0x0000000008000670                GPIOE_SerialOut_init
 .text.GPIOE_SerialIn_init
                0x00000000080006cc       0xb0 Src/gpio.o
                0x00000000080006cc                GPIOE_SerialIn_init
 .text.GPIOE_GetFrequency
                0x000000000800077c       0x20 Src/gpio.o
                0x000000000800077c                GPIOE_GetFrequency
 .text.GPIOE_FrequencySet
                0x000000000800079c       0x30 Src/gpio.o
                0x000000000800079c                GPIOE_FrequencySet
 .text.MasterMode_init
                0x00000000080007cc       0x44 Src/gpio.o
                0x00000000080007cc                MasterMode_init
 .text.SlaveMode_init
                0x0000000008000810       0x30 Src/gpio.o
                0x0000000008000810                SlaveMode_init
 .text.GPIOE_setByte
                0x0000000008000840       0x28 Src/gpio.o
                0x0000000008000840                GPIOE_setByte
 .text.Button_init
                0x0000000008000868       0x10 Src/main.o
                0x0000000008000868                Button_init
 .text.main     0x0000000008000878       0x1a Src/main.o
                0x0000000008000878                main
 *fill*         0x0000000008000892        0x2 
 .text.ParallelIn_init
                0x0000000008000894       0x20 Src/parallel.o
                0x0000000008000894                ParallelIn_init
 .text.ParallelOut_init
                0x00000000080008b4       0x2c Src/parallel.o
                0x00000000080008b4                ParallelOut_init
 .text.Parallel_appendData
                0x00000000080008e0       0x38 Src/parallel.o
                0x00000000080008e0                Parallel_appendData
 .text.ParallelTranceive
                0x0000000008000918       0xac Src/parallel.o
                0x0000000008000918                ParallelTranceive
 .text.Parallel_stopTranfer
                0x00000000080009c4       0x24 Src/parallel.o
                0x00000000080009c4                Parallel_stopTranfer
 .text.Parallel_stopReception
                0x00000000080009e8       0x18 Src/parallel.o
                0x00000000080009e8                Parallel_stopReception
 .text.__NVIC_EnableIRQ
                0x0000000008000a00       0x3c Src/serial.o
 .text.__NVIC_DisableIRQ
                0x0000000008000a3c       0x48 Src/serial.o
 .text.SerialOut_init
                0x0000000008000a84       0x20 Src/serial.o
                0x0000000008000a84                SerialOut_init
 .text.SerialIn_init
                0x0000000008000aa4       0x34 Src/serial.o
                0x0000000008000aa4                SerialIn_init
 .text.SerialSetData
                0x0000000008000ad8       0xa4 Src/serial.o
                0x0000000008000ad8                SerialSetData
 .text.SerialGetData
                0x0000000008000b7c       0xbc Src/serial.o
                0x0000000008000b7c                SerialGetData
 .text.Serial_trancieveData
                0x0000000008000c38       0x7c Src/serial.o
                0x0000000008000c38                Serial_trancieveData
 .text.SerialOut_stopSend
                0x0000000008000cb4       0x1c Src/serial.o
                0x0000000008000cb4                SerialOut_stopSend
 .text.SerialIn_stopReceive
                0x0000000008000cd0       0x12 Src/serial.o
                0x0000000008000cd0                SerialIn_stopReceive
 *fill*         0x0000000008000ce2        0x2 
 .text.__NVIC_EnableIRQ
                0x0000000008000ce4       0x3c Src/tim.o
 .text.__NVIC_DisableIRQ
                0x0000000008000d20       0x48 Src/tim.o
 .text.__NVIC_SetPriority
                0x0000000008000d68       0x54 Src/tim.o
 .text.TIM3_IRQHandler
                0x0000000008000dbc       0x50 Src/tim.o
                0x0000000008000dbc                TIM3_IRQHandler
 .text.TIM6_DAC_IRQHandler
                0x0000000008000e0c       0x2c Src/tim.o
                0x0000000008000e0c                TIM6_DAC_IRQHandler
 .text.TIM3_init
                0x0000000008000e38       0x54 Src/tim.o
                0x0000000008000e38                TIM3_init
 .text.TIM6_init
                0x0000000008000e8c       0x60 Src/tim.o
                0x0000000008000e8c                TIM6_init
 .text.TIM3_FrequencySet
                0x0000000008000eec       0xb8 Src/tim.o
                0x0000000008000eec                TIM3_FrequencySet
 .text.Reset_Handler
                0x0000000008000fa4       0x50 Startup/startup_stm32f407vgtx.o
                0x0000000008000fa4                Reset_Handler
 .text.Default_Handler
                0x0000000008000ff4        0x2 Startup/startup_stm32f407vgtx.o
                0x0000000008000ff4                RTC_Alarm_IRQHandler
                0x0000000008000ff4                HASH_RNG_IRQHandler
                0x0000000008000ff4                EXTI2_IRQHandler
                0x0000000008000ff4                TIM8_CC_IRQHandler
                0x0000000008000ff4                DebugMon_Handler
                0x0000000008000ff4                TIM1_CC_IRQHandler
                0x0000000008000ff4                DMA2_Stream5_IRQHandler
                0x0000000008000ff4                HardFault_Handler
                0x0000000008000ff4                DMA1_Stream5_IRQHandler
                0x0000000008000ff4                SysTick_Handler
                0x0000000008000ff4                PVD_IRQHandler
                0x0000000008000ff4                SDIO_IRQHandler
                0x0000000008000ff4                TAMP_STAMP_IRQHandler
                0x0000000008000ff4                PendSV_Handler
                0x0000000008000ff4                NMI_Handler
                0x0000000008000ff4                CAN2_RX1_IRQHandler
                0x0000000008000ff4                EXTI3_IRQHandler
                0x0000000008000ff4                TIM8_TRG_COM_TIM14_IRQHandler
                0x0000000008000ff4                TIM1_UP_TIM10_IRQHandler
                0x0000000008000ff4                TIM8_UP_TIM13_IRQHandler
                0x0000000008000ff4                I2C3_ER_IRQHandler
                0x0000000008000ff4                LCD_TFT_IRQHandler
                0x0000000008000ff4                I2C2_EV_IRQHandler
                0x0000000008000ff4                DMA1_Stream2_IRQHandler
                0x0000000008000ff4                CAN1_RX0_IRQHandler
                0x0000000008000ff4                FPU_IRQHandler
                0x0000000008000ff4                OTG_HS_WKUP_IRQHandler
                0x0000000008000ff4                UsageFault_Handler
                0x0000000008000ff4                CAN2_SCE_IRQHandler
                0x0000000008000ff4                DMA2_Stream2_IRQHandler
                0x0000000008000ff4                SPI1_IRQHandler
                0x0000000008000ff4                TIM1_BRK_TIM9_IRQHandler
                0x0000000008000ff4                DCMI_IRQHandler
                0x0000000008000ff4                CAN2_RX0_IRQHandler
                0x0000000008000ff4                DMA2_Stream3_IRQHandler
                0x0000000008000ff4                USART6_IRQHandler
                0x0000000008000ff4                USART3_IRQHandler
                0x0000000008000ff4                CRYP_IRQHandler
                0x0000000008000ff4                CAN1_RX1_IRQHandler
                0x0000000008000ff4                UART5_IRQHandler
                0x0000000008000ff4                DMA2_Stream0_IRQHandler
                0x0000000008000ff4                TIM4_IRQHandler
                0x0000000008000ff4                I2C1_EV_IRQHandler
                0x0000000008000ff4                DMA1_Stream6_IRQHandler
                0x0000000008000ff4                DMA1_Stream1_IRQHandler
                0x0000000008000ff4                UART4_IRQHandler
                0x0000000008000ff4                LCD_TFT_1_IRQHandler
                0x0000000008000ff4                RCC_IRQHandler
                0x0000000008000ff4                TIM8_BRK_TIM12_IRQHandler
                0x0000000008000ff4                Default_Handler
                0x0000000008000ff4                ADC_IRQHandler
                0x0000000008000ff4                DMA1_Stream7_IRQHandler
                0x0000000008000ff4                TIM7_IRQHandler
                0x0000000008000ff4                CAN2_TX_IRQHandler
                0x0000000008000ff4                TIM5_IRQHandler
                0x0000000008000ff4                DMA2_Stream7_IRQHandler
                0x0000000008000ff4                I2C3_EV_IRQHandler
                0x0000000008000ff4                RTC_WKUP_IRQHandler
                0x0000000008000ff4                ETH_WKUP_IRQHandler
                0x0000000008000ff4                SPI2_IRQHandler
                0x0000000008000ff4                OTG_HS_EP1_IN_IRQHandler
                0x0000000008000ff4                MemManage_Handler
                0x0000000008000ff4                DMA1_Stream0_IRQHandler
                0x0000000008000ff4                CAN1_TX_IRQHandler
                0x0000000008000ff4                SVC_Handler
                0x0000000008000ff4                EXTI4_IRQHandler
                0x0000000008000ff4                FSMC_IRQHandler
                0x0000000008000ff4                ETH_IRQHandler
                0x0000000008000ff4                OTG_HS_EP1_OUT_IRQHandler
                0x0000000008000ff4                WWDG_IRQHandler
                0x0000000008000ff4                TIM2_IRQHandler
                0x0000000008000ff4                OTG_FS_WKUP_IRQHandler
                0x0000000008000ff4                TIM1_TRG_COM_TIM11_IRQHandler
                0x0000000008000ff4                OTG_HS_IRQHandler
                0x0000000008000ff4                EXTI1_IRQHandler
                0x0000000008000ff4                USART2_IRQHandler
                0x0000000008000ff4                I2C2_ER_IRQHandler
                0x0000000008000ff4                DMA2_Stream1_IRQHandler
                0x0000000008000ff4                CAN1_SCE_IRQHandler
                0x0000000008000ff4                DMA2_Stream4_IRQHandler
                0x0000000008000ff4                BusFault_Handler
                0x0000000008000ff4                USART1_IRQHandler
                0x0000000008000ff4                OTG_FS_IRQHandler
                0x0000000008000ff4                SPI3_IRQHandler
                0x0000000008000ff4                DMA1_Stream4_IRQHandler
                0x0000000008000ff4                I2C1_ER_IRQHandler
                0x0000000008000ff4                DMA2_Stream6_IRQHandler
                0x0000000008000ff4                DMA1_Stream3_IRQHandler
 *fill*         0x0000000008000ff6        0x2 
 .text.__libc_init_array
                0x0000000008000ff8       0x48 e:/st/stm32cubeide_1.6.0/stm32cubeide/plugins/com.st.stm32cube.ide.mcu.externaltools.gnu-tools-for-stm32.9-2020-q2-update.win32_1.5.0.202011040924/tools/bin/../lib/gcc/arm-none-eabi/9.3.1/../../../../arm-none-eabi/lib/thumb/v7e-m+fp/hard\libc_nano.a(lib_a-init.o)
                0x0000000008000ff8                __libc_init_array
 *(.glue_7)
 .glue_7        0x0000000008001040        0x0 linker stubs
 *(.glue_7t)
 .glue_7t       0x0000000008001040        0x0 linker stubs
 *(.eh_frame)
 .eh_frame      0x0000000008001040        0x0 e:/st/stm32cubeide_1.6.0/stm32cubeide/plugins/com.st.stm32cube.ide.mcu.externaltools.gnu-tools-for-stm32.9-2020-q2-update.win32_1.5.0.202011040924/tools/bin/../lib/gcc/arm-none-eabi/9.3.1/thumb/v7e-m+fp/hard/crtbegin.o
 *(.init)
 .init          0x0000000008001040        0x4 e:/st/stm32cubeide_1.6.0/stm32cubeide/plugins/com.st.stm32cube.ide.mcu.externaltools.gnu-tools-for-stm32.9-2020-q2-update.win32_1.5.0.202011040924/tools/bin/../lib/gcc/arm-none-eabi/9.3.1/thumb/v7e-m+fp/hard/crti.o
                0x0000000008001040                _init
 .init          0x0000000008001044        0x8 e:/st/stm32cubeide_1.6.0/stm32cubeide/plugins/com.st.stm32cube.ide.mcu.externaltools.gnu-tools-for-stm32.9-2020-q2-update.win32_1.5.0.202011040924/tools/bin/../lib/gcc/arm-none-eabi/9.3.1/thumb/v7e-m+fp/hard/crtn.o
 *(.fini)
 .fini          0x000000000800104c        0x4 e:/st/stm32cubeide_1.6.0/stm32cubeide/plugins/com.st.stm32cube.ide.mcu.externaltools.gnu-tools-for-stm32.9-2020-q2-update.win32_1.5.0.202011040924/tools/bin/../lib/gcc/arm-none-eabi/9.3.1/thumb/v7e-m+fp/hard/crti.o
                0x000000000800104c                _fini
 .fini          0x0000000008001050        0x8 e:/st/stm32cubeide_1.6.0/stm32cubeide/plugins/com.st.stm32cube.ide.mcu.externaltools.gnu-tools-for-stm32.9-2020-q2-update.win32_1.5.0.202011040924/tools/bin/../lib/gcc/arm-none-eabi/9.3.1/thumb/v7e-m+fp/hard/crtn.o
                0x0000000008001058                . = ALIGN (0x4)
                0x0000000008001058                _etext = .

.vfp11_veneer   0x0000000008001058        0x0
 .vfp11_veneer  0x0000000008001058        0x0 linker stubs

.v4_bx          0x0000000008001058        0x0
 .v4_bx         0x0000000008001058        0x0 linker stubs

.iplt           0x0000000008001058        0x0
 .iplt          0x0000000008001058        0x0 e:/st/stm32cubeide_1.6.0/stm32cubeide/plugins/com.st.stm32cube.ide.mcu.externaltools.gnu-tools-for-stm32.9-2020-q2-update.win32_1.5.0.202011040924/tools/bin/../lib/gcc/arm-none-eabi/9.3.1/thumb/v7e-m+fp/hard/crtbegin.o

.rel.dyn        0x0000000008001058        0x0
 .rel.iplt      0x0000000008001058        0x0 e:/st/stm32cubeide_1.6.0/stm32cubeide/plugins/com.st.stm32cube.ide.mcu.externaltools.gnu-tools-for-stm32.9-2020-q2-update.win32_1.5.0.202011040924/tools/bin/../lib/gcc/arm-none-eabi/9.3.1/thumb/v7e-m+fp/hard/crtbegin.o

.rodata         0x0000000008001058        0x0
                0x0000000008001058                . = ALIGN (0x4)
 *(.rodata)
 *(.rodata*)
                0x0000000008001058                . = ALIGN (0x4)

.ARM.extab      0x0000000008001058        0x0
                0x0000000008001058                . = ALIGN (0x4)
 *(.ARM.extab* .gnu.linkonce.armextab.*)
                0x0000000008001058                . = ALIGN (0x4)

.ARM            0x0000000008001058        0x0
                0x0000000008001058                . = ALIGN (0x4)
                0x0000000008001058                __exidx_start = .
 *(.ARM.exidx*)
                0x0000000008001058                __exidx_end = .
                0x0000000008001058                . = ALIGN (0x4)

.preinit_array  0x0000000008001058        0x0
                0x0000000008001058                . = ALIGN (0x4)
                0x0000000008001058                PROVIDE (__preinit_array_start = .)
 *(.preinit_array*)
                0x0000000008001058                PROVIDE (__preinit_array_end = .)
                0x0000000008001058                . = ALIGN (0x4)

.init_array     0x0000000008001058        0x4
                0x0000000008001058                . = ALIGN (0x4)
                0x0000000008001058                PROVIDE (__init_array_start = .)
 *(SORT_BY_NAME(.init_array.*))
 *(.init_array*)
 .init_array    0x0000000008001058        0x4 e:/st/stm32cubeide_1.6.0/stm32cubeide/plugins/com.st.stm32cube.ide.mcu.externaltools.gnu-tools-for-stm32.9-2020-q2-update.win32_1.5.0.202011040924/tools/bin/../lib/gcc/arm-none-eabi/9.3.1/thumb/v7e-m+fp/hard/crtbegin.o
                0x000000000800105c                PROVIDE (__init_array_end = .)
                0x000000000800105c                . = ALIGN (0x4)

.fini_array     0x000000000800105c        0x4
                0x000000000800105c                . = ALIGN (0x4)
                [!provide]                        PROVIDE (__fini_array_start = .)
 *(SORT_BY_NAME(.fini_array.*))
 *(.fini_array*)
 .fini_array    0x000000000800105c        0x4 e:/st/stm32cubeide_1.6.0/stm32cubeide/plugins/com.st.stm32cube.ide.mcu.externaltools.gnu-tools-for-stm32.9-2020-q2-update.win32_1.5.0.202011040924/tools/bin/../lib/gcc/arm-none-eabi/9.3.1/thumb/v7e-m+fp/hard/crtbegin.o
                [!provide]                        PROVIDE (__fini_array_end = .)
                0x0000000008001060                . = ALIGN (0x4)
                0x0000000008001060                _sidata = LOADADDR (.data)

.data           0x0000000020000000        0x4 load address 0x0000000008001060
                0x0000000020000000                . = ALIGN (0x4)
                0x0000000020000000                _sdata = .
 *(.data)
 *(.data*)
 .data.bit_mask.7045
                0x0000000020000000        0x1 Src/serial.o
 .data.bit_mask.7048
                0x0000000020000001        0x1 Src/serial.o
 *(.RamFunc)
 *(.RamFunc*)
                0x0000000020000004                . = ALIGN (0x4)
 *fill*         0x0000000020000002        0x2 
                0x0000000020000004                _edata = .

.igot.plt       0x0000000020000004        0x0 load address 0x0000000008001064
 .igot.plt      0x0000000020000004        0x0 e:/st/stm32cubeide_1.6.0/stm32cubeide/plugins/com.st.stm32cube.ide.mcu.externaltools.gnu-tools-for-stm32.9-2020-q2-update.win32_1.5.0.202011040924/tools/bin/../lib/gcc/arm-none-eabi/9.3.1/thumb/v7e-m+fp/hard/crtbegin.o
                0x0000000020000004                . = ALIGN (0x4)

.bss            0x0000000020000004      0x230 load address 0x0000000008001064
                0x0000000020000004                _sbss = .
                0x0000000020000004                __bss_start__ = _sbss
 *(.bss)
 .bss           0x0000000020000004       0x1c e:/st/stm32cubeide_1.6.0/stm32cubeide/plugins/com.st.stm32cube.ide.mcu.externaltools.gnu-tools-for-stm32.9-2020-q2-update.win32_1.5.0.202011040924/tools/bin/../lib/gcc/arm-none-eabi/9.3.1/thumb/v7e-m+fp/hard/crtbegin.o
 *(.bss*)
 *(COMMON)
 COMMON         0x0000000020000020      0x20a Src/main.o
                0x0000000020000020                DeviceMode
                0x0000000020000024                dataTx_buf
                0x0000000020000128                dataRx_buf
 COMMON         0x000000002000022a        0x3 Src/parallel.o
                0x000000002000022a                ParReadyFlag
                0x000000002000022b                ParEnableFlag
                0x000000002000022c                ParTranferFlag
 COMMON         0x000000002000022d        0x3 Src/serial.o
                0x000000002000022d                SerialSetBitFlag
                0x000000002000022e                SerialStartReceiveFlag
                0x000000002000022f                SerialReceiveBitFlag
 COMMON         0x0000000020000230        0x1 Src/tim.o
                0x0000000020000230                TIM_indx
                0x0000000020000234                . = ALIGN (0x4)
 *fill*         0x0000000020000231        0x3 
                0x0000000020000234                _ebss = .
                0x0000000020000234                __bss_end__ = _ebss

._user_heap_stack
                0x0000000020000234      0x604 load address 0x0000000008001064
                0x0000000020000238                . = ALIGN (0x8)
 *fill*         0x0000000020000234        0x4 
                [!provide]                        PROVIDE (end = .)
                0x0000000020000238                PROVIDE (_end = .)
                0x0000000020000438                . = (. + _Min_Heap_Size)
 *fill*         0x0000000020000238      0x200 
                0x0000000020000838                . = (. + _Min_Stack_Size)
 *fill*         0x0000000020000438      0x400 
                0x0000000020000838                . = ALIGN (0x8)

/DISCARD/
 libc.a(*)
 libm.a(*)
 libgcc.a(*)

.ARM.attributes
                0x0000000000000000       0x30
 *(.ARM.attributes)
 .ARM.attributes
                0x0000000000000000       0x1e e:/st/stm32cubeide_1.6.0/stm32cubeide/plugins/com.st.stm32cube.ide.mcu.externaltools.gnu-tools-for-stm32.9-2020-q2-update.win32_1.5.0.202011040924/tools/bin/../lib/gcc/arm-none-eabi/9.3.1/thumb/v7e-m+fp/hard/crti.o
 .ARM.attributes
                0x000000000000001e       0x34 e:/st/stm32cubeide_1.6.0/stm32cubeide/plugins/com.st.stm32cube.ide.mcu.externaltools.gnu-tools-for-stm32.9-2020-q2-update.win32_1.5.0.202011040924/tools/bin/../lib/gcc/arm-none-eabi/9.3.1/thumb/v7e-m+fp/hard/crtbegin.o
 .ARM.attributes
                0x0000000000000052       0x34 CMSIS/Src/system_stm32f4xx.o
 .ARM.attributes
                0x0000000000000086       0x34 Src/buffer.o
 .ARM.attributes
                0x00000000000000ba       0x34 Src/gpio.o
 .ARM.attributes
                0x00000000000000ee       0x34 Src/main.o
 .ARM.attributes
                0x0000000000000122       0x34 Src/parallel.o
 .ARM.attributes
                0x0000000000000156       0x34 Src/serial.o
 .ARM.attributes
                0x000000000000018a       0x34 Src/tim.o
 .ARM.attributes
                0x00000000000001be       0x21 Startup/startup_stm32f407vgtx.o
 .ARM.attributes
                0x00000000000001df       0x34 e:/st/stm32cubeide_1.6.0/stm32cubeide/plugins/com.st.stm32cube.ide.mcu.externaltools.gnu-tools-for-stm32.9-2020-q2-update.win32_1.5.0.202011040924/tools/bin/../lib/gcc/arm-none-eabi/9.3.1/../../../../arm-none-eabi/lib/thumb/v7e-m+fp/hard\libc_nano.a(lib_a-init.o)
 .ARM.attributes
                0x0000000000000213       0x1e e:/st/stm32cubeide_1.6.0/stm32cubeide/plugins/com.st.stm32cube.ide.mcu.externaltools.gnu-tools-for-stm32.9-2020-q2-update.win32_1.5.0.202011040924/tools/bin/../lib/gcc/arm-none-eabi/9.3.1/thumb/v7e-m+fp/hard/crtn.o
OUTPUT(2021_HW2.elf elf32-littlearm)
LOAD linker stubs
LOAD e:/st/stm32cubeide_1.6.0/stm32cubeide/plugins/com.st.stm32cube.ide.mcu.externaltools.gnu-tools-for-stm32.9-2020-q2-update.win32_1.5.0.202011040924/tools/bin/../lib/gcc/arm-none-eabi/9.3.1/../../../../arm-none-eabi/lib/thumb/v7e-m+fp/hard\libc.a
LOAD e:/st/stm32cubeide_1.6.0/stm32cubeide/plugins/com.st.stm32cube.ide.mcu.externaltools.gnu-tools-for-stm32.9-2020-q2-update.win32_1.5.0.202011040924/tools/bin/../lib/gcc/arm-none-eabi/9.3.1/../../../../arm-none-eabi/lib/thumb/v7e-m+fp/hard\libm.a
LOAD e:/st/stm32cubeide_1.6.0/stm32cubeide/plugins/com.st.stm32cube.ide.mcu.externaltools.gnu-tools-for-stm32.9-2020-q2-update.win32_1.5.0.202011040924/tools/bin/../lib/gcc/arm-none-eabi/9.3.1/thumb/v7e-m+fp/hard\libgcc.a

.debug_info     0x0000000000000000     0x2cbc
 .debug_info    0x0000000000000000      0x546 CMSIS/Src/system_stm32f4xx.o
 .debug_info    0x0000000000000546      0x228 Src/buffer.o
 .debug_info    0x000000000000076e      0xd31 Src/gpio.o
 .debug_info    0x000000000000149f      0x1d9 Src/main.o
 .debug_info    0x0000000000001678      0x2f1 Src/parallel.o
 .debug_info    0x0000000000001969      0x796 Src/serial.o
 .debug_info    0x00000000000020ff      0xb9b Src/tim.o
 .debug_info    0x0000000000002c9a       0x22 Startup/startup_stm32f407vgtx.o

.debug_abbrev   0x0000000000000000      0xaac
 .debug_abbrev  0x0000000000000000      0x129 CMSIS/Src/system_stm32f4xx.o
 .debug_abbrev  0x0000000000000129      0x13d Src/buffer.o
 .debug_abbrev  0x0000000000000266      0x1fa Src/gpio.o
 .debug_abbrev  0x0000000000000460       0xfc Src/main.o
 .debug_abbrev  0x000000000000055c      0x138 Src/parallel.o
 .debug_abbrev  0x0000000000000694      0x211 Src/serial.o
 .debug_abbrev  0x00000000000008a5      0x1f5 Src/tim.o
 .debug_abbrev  0x0000000000000a9a       0x12 Startup/startup_stm32f407vgtx.o

.debug_aranges  0x0000000000000000      0x250
 .debug_aranges
                0x0000000000000000       0x28 CMSIS/Src/system_stm32f4xx.o
 .debug_aranges
                0x0000000000000028       0x38 Src/buffer.o
 .debug_aranges
                0x0000000000000060       0xa0 Src/gpio.o
 .debug_aranges
                0x0000000000000100       0x28 Src/main.o
 .debug_aranges
                0x0000000000000128       0x48 Src/parallel.o
 .debug_aranges
                0x0000000000000170       0x60 Src/serial.o
 .debug_aranges
                0x00000000000001d0       0x58 Src/tim.o
 .debug_aranges
                0x0000000000000228       0x28 Startup/startup_stm32f407vgtx.o

.debug_ranges   0x0000000000000000      0x1d8
 .debug_ranges  0x0000000000000000       0x18 CMSIS/Src/system_stm32f4xx.o
 .debug_ranges  0x0000000000000018       0x28 Src/buffer.o
 .debug_ranges  0x0000000000000040       0x90 Src/gpio.o
 .debug_ranges  0x00000000000000d0       0x18 Src/main.o
 .debug_ranges  0x00000000000000e8       0x38 Src/parallel.o
 .debug_ranges  0x0000000000000120       0x50 Src/serial.o
 .debug_ranges  0x0000000000000170       0x48 Src/tim.o
 .debug_ranges  0x00000000000001b8       0x20 Startup/startup_stm32f407vgtx.o

.debug_macro    0x0000000000000000    0x188dc
 .debug_macro   0x0000000000000000       0xda CMSIS/Src/system_stm32f4xx.o
 .debug_macro   0x00000000000000da      0xaae CMSIS/Src/system_stm32f4xx.o
 .debug_macro   0x0000000000000b88       0x2e CMSIS/Src/system_stm32f4xx.o
 .debug_macro   0x0000000000000bb6       0x2f CMSIS/Src/system_stm32f4xx.o
 .debug_macro   0x0000000000000be5       0x22 CMSIS/Src/system_stm32f4xx.o
 .debug_macro   0x0000000000000c07       0x8e CMSIS/Src/system_stm32f4xx.o
 .debug_macro   0x0000000000000c95       0x51 CMSIS/Src/system_stm32f4xx.o
 .debug_macro   0x0000000000000ce6      0x103 CMSIS/Src/system_stm32f4xx.o
 .debug_macro   0x0000000000000de9       0x6a CMSIS/Src/system_stm32f4xx.o
 .debug_macro   0x0000000000000e53      0x1df CMSIS/Src/system_stm32f4xx.o
 .debug_macro   0x0000000000001032       0x1c CMSIS/Src/system_stm32f4xx.o
 .debug_macro   0x000000000000104e       0x22 CMSIS/Src/system_stm32f4xx.o
 .debug_macro   0x0000000000001070       0xdf CMSIS/Src/system_stm32f4xx.o
 .debug_macro   0x000000000000114f     0x102d CMSIS/Src/system_stm32f4xx.o
 .debug_macro   0x000000000000217c      0x11f CMSIS/Src/system_stm32f4xx.o
 .debug_macro   0x000000000000229b    0x15e3c CMSIS/Src/system_stm32f4xx.o
 .debug_macro   0x00000000000180d7       0x43 CMSIS/Src/system_stm32f4xx.o
 .debug_macro   0x000000000001811a       0xe7 Src/buffer.o
 .debug_macro   0x0000000000018201       0x4c Src/buffer.o
 .debug_macro   0x000000000001824d      0x107 Src/gpio.o
 .debug_macro   0x0000000000018354       0x34 Src/gpio.o
 .debug_macro   0x0000000000018388       0x28 Src/gpio.o
 .debug_macro   0x00000000000183b0       0x2e Src/gpio.o
 .debug_macro   0x00000000000183de       0x2e Src/gpio.o
 .debug_macro   0x000000000001840c      0x115 Src/main.o
 .debug_macro   0x0000000000018521       0xff Src/parallel.o
 .debug_macro   0x0000000000018620       0x28 Src/parallel.o
 .debug_macro   0x0000000000018648       0x3a Src/parallel.o
 .debug_macro   0x0000000000018682      0x108 Src/serial.o
 .debug_macro   0x000000000001878a       0x28 Src/serial.o
 .debug_macro   0x00000000000187b2      0x108 Src/tim.o
 .debug_macro   0x00000000000188ba       0x22 Src/tim.o

.debug_line     0x0000000000000000     0x27ae
 .debug_line    0x0000000000000000      0x4c6 CMSIS/Src/system_stm32f4xx.o
 .debug_line    0x00000000000004c6      0x4ba Src/buffer.o
 .debug_line    0x0000000000000980      0x758 Src/gpio.o
 .debug_line    0x00000000000010d8      0x4a6 Src/main.o
 .debug_line    0x000000000000157e      0x542 Src/parallel.o
 .debug_line    0x0000000000001ac0      0x63a Src/serial.o
 .debug_line    0x00000000000020fa      0x630 Src/tim.o
 .debug_line    0x000000000000272a       0x84 Startup/startup_stm32f407vgtx.o

.debug_str      0x0000000000000000    0x88922
 .debug_str     0x0000000000000000    0x87b84 CMSIS/Src/system_stm32f4xx.o
                                      0x87cfd (size before relaxing)
 .debug_str     0x0000000000087b84      0x14a Src/buffer.o
                                      0x87c66 (size before relaxing)
 .debug_str     0x0000000000087cce      0xaa6 Src/gpio.o
                                      0x8883c (size before relaxing)
 .debug_str     0x0000000000088774       0x29 Src/main.o
                                      0x87f67 (size before relaxing)
 .debug_str     0x000000000008879d       0x64 Src/parallel.o
                                      0x87eff (size before relaxing)
 .debug_str     0x0000000000088801       0x90 Src/serial.o
                                      0x8859c (size before relaxing)
 .debug_str     0x0000000000088891       0x60 Src/tim.o
                                      0x886c6 (size before relaxing)
 .debug_str     0x00000000000888f1       0x31 Startup/startup_stm32f407vgtx.o
                                         0x46 (size before relaxing)

.comment        0x0000000000000000       0x53
 .comment       0x0000000000000000       0x53 CMSIS/Src/system_stm32f4xx.o
                                         0x54 (size before relaxing)
 .comment       0x0000000000000053       0x54 Src/buffer.o
 .comment       0x0000000000000053       0x54 Src/gpio.o
 .comment       0x0000000000000053       0x54 Src/main.o
 .comment       0x0000000000000053       0x54 Src/parallel.o
 .comment       0x0000000000000053       0x54 Src/serial.o
 .comment       0x0000000000000053       0x54 Src/tim.o

.debug_frame    0x0000000000000000      0x6b8
 .debug_frame   0x0000000000000000       0x58 CMSIS/Src/system_stm32f4xx.o
 .debug_frame   0x0000000000000058       0xb0 Src/buffer.o
 .debug_frame   0x0000000000000108      0x234 Src/gpio.o
 .debug_frame   0x000000000000033c       0x48 Src/main.o
 .debug_frame   0x0000000000000384       0xbc Src/parallel.o
 .debug_frame   0x0000000000000440      0x128 Src/serial.o
 .debug_frame   0x0000000000000568      0x124 Src/tim.o
 .debug_frame   0x000000000000068c       0x2c e:/st/stm32cubeide_1.6.0/stm32cubeide/plugins/com.st.stm32cube.ide.mcu.externaltools.gnu-tools-for-stm32.9-2020-q2-update.win32_1.5.0.202011040924/tools/bin/../lib/gcc/arm-none-eabi/9.3.1/../../../../arm-none-eabi/lib/thumb/v7e-m+fp/hard\libc_nano.a(lib_a-init.o)
