core_cm4.h:1688:22:__NVIC_EnableIRQ	16	static
core_cm4.h:1724:22:__NVIC_DisableIRQ	16	static,ignoring_inline_asm
core_cm4.h:1816:22:__NVIC_SetPriority	16	static
gpio.c:15:6:EXTI0_IRQHandler	4	static
gpio.c:22:6:EXTI9_5_IRQHandler	4	static
gpio.c:38:6:EXTI15_10_IRQHandler	8	static
gpio.c:61:6:GPIOA_Button_init	8	static
gpio.c:78:6:GPIOD_init	4	static
gpio.c:86:6:GPIOE_ParallelOut_init	8	static
gpio.c:107:6:GPIOE_ParallelIn_init	4	static
gpio.c:122:6:GPIOE_SerialOut_init	8	static
gpio.c:134:6:GPIOE_SerialIn_init	8	static
gpio.c:153:9:GPIOE_GetFrequency	4	static
gpio.c:158:9:GPIOE_FrequencySet	4	static
gpio.c:208:6:MasterMode_init	8	static
gpio.c:220:6:SlaveMode_init	8	static
gpio.c:229:6:GPIOE_setByte	16	static
